2024-09-01 10:01:42,332 - framework.resources.helpers.logger - INFO - version 0.0.1
2024-09-01 10:06:54,492 - framework.resources.helpers.logger - INFO - version 0.0.1
